---
source: mdt_cli/tests/assist.rs
info:
  program: mdt
  args:
    - assist
    - claude
  env:
    NO_COLOR: "1"
---
success: true
exit_code: 0
----- stdout -----
mdt assist

Assistant: Claude Code

Load the mdt skill:
  mdt skill --install .claude/skills
  (or run `mdt skill` to print it into the conversation)

MCP server:
  claude mcp add --transport stdio --scope project mdt -- mdt mcp
  or add to .mcp.json:
{
  "mcpServers": {
    "mdt": {
      "args": [
        "mcp"
      ],
      "command": "mdt",
      "type": "stdio"
    }
  }
}

Suggested repo-local guidance:
- Before editing mdt templates or synced docs, run `mdt skill` to load the mdt agent skill (tag syntax, transformers, configuration, and workflow for the installed version).
- Edit providers in `.templates/*.t.md`, never the synced copies, and prefer reusing an existing provider (`mdt list` or `mdt_find_reuse`) over creating a new one.
- After documentation edits, run `mdt check`; run `mdt update` when consumers are stale.

Notes for Claude Code:
- `claude mcp add ... --scope project` writes `.mcp.json` at the repository root; commit it to share the server with your team.
- `mdt skill --install .claude/skills` adds the skill for this project; use `~/.claude/skills` to install it for every project.

----- stderr -----
