---
source: mdt_cli/tests/assist.rs
info:
  program: mdt
  args:
    - assist
    - pi
    - "--format"
    - json
  env:
    NO_COLOR: "1"
---
success: true
exit_code: 0
----- stdout -----
{
  "assistant": "Pi",
  "id": "pi",
  "mcp_config": null,
  "mcp_config_file": null,
  "mcp_install_command": null,
  "notes": [
    "Pi has no built-in MCP client, so it works with mdt through the CLI and the skill.",
    "Install the skill with `mdt skill --install .pi/skills`, or from npm with `pi install npm:@m-d-t/skills`."
  ],
  "repo_guidance": [
    "Before editing mdt templates or synced docs, run `mdt skill` to load the mdt agent skill (tag syntax, transformers, configuration, and workflow for the installed version).",
    "Edit providers in `.templates/*.t.md`, never the synced copies, and prefer reusing an existing provider (`mdt list` or `mdt_find_reuse`) over creating a new one.",
    "After documentation edits, run `mdt check`; run `mdt update` when consumers are stale."
  ],
  "skill": {
    "install_command": "mdt skill --install .pi/skills",
    "print_command": "mdt skill"
  },
  "strategy": {
    "scope": "config-snippets-and-guidance",
    "summary": "mdt ships assistant setup presets and repo-local guidance, not a plugin marketplace.",
    "type": "official-profile"
  }
}

----- stderr -----
