---
source: mdt_cli/tests/snapshots.rs
info:
  program: mdt
  args:
    - "--path"
    - /var/folders/lm/90xr38kd5y52p5y6jj2ny_dr0000gn/T/.tmptWo3GK
    - "--verbose"
    - update
  env:
    NO_COLOR: "1"
---
success: true
exit_code: 0
----- stdout -----
Scanned project: 2 provider(s), 3 consumer(s)
  Providers:
    @apiDocs ([TEMP_DIR]/template.t.md)
    @installGuide ([TEMP_DIR]/template.t.md)
Updated 3 block(s) in 2 file(s).
  readme.md
  src/index.ts

----- stderr -----
