---
source: mdt_cli/tests/snapshots.rs
info:
  program: mdt
  args:
    - "--path"
    - /var/folders/lm/90xr38kd5y52p5y6jj2ny_dr0000gn/T/.tmpFeC4Zi
    - "--verbose"
    - check
  env:
    NO_COLOR: "1"
---
success: false
exit_code: 1
----- stdout -----
Scanned project: 2 provider(s), 2 consumer(s)
  Providers:
    @intro ([TEMP_DIR]/template.t.md)
    @version ([TEMP_DIR]/template.t.md)

----- stderr -----
Check failed.
  render errors: 0
  stale consumers: 2

Stale consumers:
  block `intro` at readme.md:3:1
  block `version` at readme.md:9:10

2 consumer block(s) are out of date. Run `mdt update` to fix.
