---
source: mdt_cli/tests/snapshots.rs
assertion_line: 1166
info:
  program: mdt
  args:
    - "--path"
    - /var/folders/lm/90xr38kd5y52p5y6jj2ny_dr0000gn/T/.tmpyrhrWI
    - doctor
  env:
    NO_COLOR: "1"
---
success: true
exit_code: 0
----- stdout -----
mdt doctor
[WARN] Config Discovery       no config file found (using defaults)
       hint: create `mdt.toml`, `.mdt.toml`, or `.config/mdt.toml` to define data and scan rules
[SKIP] Data Sources           skipped because no valid config was loaded
       hint: add a config file to enable explicit data source validation
[PASS] Template Layout        using default template discovery (`*.t.md`)
[PASS] Duplicate Providers    provider names are unique
[PASS] Missing Providers      all consumer blocks resolve to providers
[PASS] Orphan Consumers       no orphan consumer blocks found
[PASS] Unused Providers       all providers have at least one consumer
[PASS] Parser Diagnostics     no parser diagnostics found

summary: 6 pass, 1 warn, 0 fail, 1 skip

----- stderr -----
