---
source: mdt_cli/tests/snapshots.rs
assertion_line: 84
info:
  program: mdt
  args:
    - "--path"
    - /var/folders/lm/90xr38kd5y52p5y6jj2ny_dr0000gn/T/.tmpaSvSdR
    - init
  env:
    NO_COLOR: "1"
---
success: true
exit_code: 0
----- stdout -----
Created template file: [TEMP_DIR]/.templates/template.t.md
Created mdt.toml
Created readme.md with a sample target block

Next steps:
  1. Run `mdt update` to sync the sample content
  2. Open readme.md to see the result
  3. Edit [TEMP_DIR]/.templates/template.t.md to change your source blocks

----- stderr -----
