---
source: mdt_cli/tests/snapshots.rs
info:
  program: mdt
  args:
    - "--path"
    - /var/folders/lm/90xr38kd5y52p5y6jj2ny_dr0000gn/T/.tmpCEiF6y
    - "--ignore-invalid-transformers"
    - "--verbose"
    - check
  env:
    NO_COLOR: "1"
---
success: false
exit_code: 1
----- stdout -----
Scanned project: 1 provider(s), 1 consumer(s)
  Providers:
    @docs ([TEMP_DIR]/template.t.md)

----- stderr -----
mdt::unknown_transformer

  ! [readme.md:3:1] unknown transformer `foobar`
  help: available transformers: trim, trimStart, trimEnd, indent, prefix,
        suffix, linePrefix, lineSuffix, wrap, codeBlock, code, replace

Check failed.
  render errors: 0
  stale consumers: 1

Stale consumers:
  block `docs` at readme.md:3:1

1 consumer block(s) are out of date. Run `mdt update` to fix.
