---
source: mdt_cli/tests/snapshots.rs
info:
  program: mdt
  args:
    - "--path"
    - /var/folders/lm/90xr38kd5y52p5y6jj2ny_dr0000gn/T/.tmpWV5gRg
    - "--verbose"
    - check
  env:
    NO_COLOR: "1"
---
success: false
exit_code: 2
----- stdout -----
Scanned project: 1 provider(s), 1 consumer(s)
  Providers:
    @valid_block ([TEMP_DIR]/template.t.md)

----- stderr -----
mdt::unclosed_block

  x [unclosed.md:3:1] missing closing tag for block `valid_block`
  help: add `<!-- {/valid_block} -->` to close this block

error: validation errors found
