---
source: mdt_cli/tests/snapshots.rs
info:
  program: mdt
  args:
    - "--path"
    - /var/folders/lm/90xr38kd5y52p5y6jj2ny_dr0000gn/T/.tmpGUpr0j
    - check
  env:
    NO_COLOR: "1"
---
success: false
exit_code: 2
----- stdout -----

----- stderr -----
mdt::unused_provider

  x [template.t.md:1:1] provider block `other_block` has no consumers
  help: add a consumer block `<!-- {=other_block} -->...<!-- {/other_block}
        -->` or remove the unused provider

error: validation errors found
