---
source: mdt_cli/tests/update.rs
info:
  program: mdt
  args:
    - "--path"
    - /var/folders/lm/90xr38kd5y52p5y6jj2ny_dr0000gn/T/.tmppc2vVd
    - update
  env:
    NO_COLOR: "1"
---
success: true
exit_code: 0
----- stdout -----
All linked consumer blocks are already up to date.

----- stderr -----
warning: consumer `orphan` at readme.md:1:1 has no provider
