---
source: crates/mdt_cli/tests/snapshots.rs
info:
  program: mdt
  args:
    - "--path"
    - /var/folders/lm/90xr38kd5y52p5y6jj2ny_dr0000gn/T/.tmpQs7P3c
    - check
  env:
    NO_COLOR: "1"
---
success: false
exit_code: 2
----- stdout -----

----- stderr -----
error: readme.md:3:1: unknown transformer `foobar`
error: validation errors found
