---
source: crates/mdt_cli/tests/snapshots.rs
info:
  program: mdt
  args:
    - "--path"
    - /var/folders/lm/90xr38kd5y52p5y6jj2ny_dr0000gn/T/.tmpwQVOVK
    - "--ignore-invalid-transformers"
    - "--verbose"
    - check
  env:
    NO_COLOR: "1"
---
success: false
exit_code: 1
----- stdout -----
Scanned project: 1 provider(s), 1 consumer(s)
  Providers:
    @docs ([TEMP_DIR]/template.t.md)

----- stderr -----
warning: readme.md:3:1: unknown transformer `foobar`
Stale: block `docs` in readme.md:3:1

1 consumer block(s) are out of date. Run `mdt update` to fix.
