---
source: crates/mdt_core/src/__tests.rs
expression: groups
---
[
    TokenGroup {
        tokens: [
            HtmlCommentOpen,
            Whitespace(
                32,
            ),
            CloseTag,
            Ident(
                "blockName",
            ),
            BraceClose,
            Whitespace(
                32,
            ),
            HtmlCommentClose,
        ],
        position: 1:1-1:22 (0-21),
    },
]
